derived attribution_extensions = 0
derived authoritative_tree_status_preserved = PASS
derived bootstrap_identity_derived_BUILD-003 = 38cbeab3809aa56a2a697e89677594087f1117063fba46832119418021ab882b
derived bootstrap_identity_recorded_BUILD-003 = a498931e482a1022e03f80f3291d75f28177363e5f65ee05d42a1a10a69ad4ac
derived bootstrap_identity_status_BUILD-003 = MISMATCH_ARCHIVED_AUDIT-003
derived budget_conformance_BUILD-000 = PASS
derived budget_conformance_BUILD-001 = PASS
derived budget_conformance_BUILD-002 = PASS
derived budget_conformance_BUILD-003 = PASS
derived budget_conformance_BUILD-004 = PASS
derived budget_conformance_BUILD-005 = PASS
derived closed_record_mutations = 0
derived environment_id = 05fb1d1e8f917bec
derived experiment_tree_isolation = PASS
derived files_changed_BUILD-000 = 7
derived files_changed_BUILD-001 = 9
derived files_changed_BUILD-002 = 9
derived files_changed_BUILD-003 = 11
derived files_changed_BUILD-004 = 13
derived files_changed_BUILD-005 = 11
derived open_proposals = 0
derived probe_pyyaml_import = PASS
derived proposal_commit_BUILD-000 = 4531f2b1abca7430a7a41919cc548d288441a186
derived proposal_commit_BUILD-001 = 6bceceb2db028bd2251ea471d5bd41a62abeff06
derived proposal_commit_BUILD-002 = b6dc47e23d2294e1c1bf64a1500f8b76b78d9476
derived proposal_commit_BUILD-003 = 7c90a23f4986cde1dd375d7e70402aba07086cfc
derived proposal_commit_BUILD-004 = bfe2fc9fcf2a3cd3aeda9dc918002272ae22371a
derived proposal_commit_BUILD-005 = 365d07a5401c2964bbf662f2b07bc408057d6848
derived proposal_precedence_BUILD-000 = PASS
derived proposal_precedence_BUILD-001 = PASS
derived proposal_precedence_BUILD-002 = PASS
derived proposal_precedence_BUILD-003 = PASS
derived proposal_precedence_BUILD-004 = PASS
derived proposal_precedence_BUILD-005 = PASS
derived receipt_provenance_BUILD-003 = HISTORICAL_UNVERIFIED
derived receipt_provenance_BUILD-004 = EVIDENCE_BOUND
derived scope_conformance_BUILD-000 = PASS
derived scope_conformance_BUILD-001 = PASS
derived scope_conformance_BUILD-002 = PASS
derived scope_conformance_BUILD-003 = PASS
derived scope_conformance_BUILD-004 = PASS
derived scope_conformance_BUILD-005 = PASS
derived untracked_commits = 0
construction ledger: 6 proposal(s), 6 grounding(s), 0 violation(s)
